[      32ms] [ERROR] Failed to load resource: the server responded with a status of 404 (File not found) @ http://localhost:5555/assets/hero-home.jpg:0
[   64390ms] [ERROR] Failed to load resource: the server responded with a status of 404 (File not found) @ http://localhost:5555/assets/hero-home.jpg:0
[  156759ms] [ERROR] Failed to load resource: the server responded with a status of 404 (File not found) @ http://localhost:5555/assets/hero-home.jpg:0
[  196961ms] [ERROR] Failed to load resource: the server responded with a status of 404 (File not found) @ http://localhost:5555/assets/hero-home.jpg:0
[  409860ms] [ERROR] Failed to load resource: the server responded with a status of 404 (File not found) @ http://localhost:5555/assets/hero-home.jpg:0
[  618965ms] [ERROR] Failed to load resource: the server responded with a status of 404 (File not found) @ http://localhost:5555/assets/hero-home.jpg:0
[  693260ms] [ERROR] Failed to load resource: the server responded with a status of 404 (File not found) @ http://localhost:5555/assets/hero-home.jpg:0
[  908522ms] [ERROR] Failed to load resource: the server responded with a status of 404 (File not found) @ http://localhost:5555/assets/hero-home.jpg:0
[ 1019044ms] [ERROR] Failed to load resource: the server responded with a status of 404 (File not found) @ http://localhost:5555/assets/team/founder.jpg:0
[ 1019047ms] [ERROR] Failed to load resource: the server responded with a status of 404 (File not found) @ http://localhost:5555/assets/team/director2.jpg:0
[ 1019053ms] [ERROR] Failed to load resource: the server responded with a status of 404 (File not found) @ http://localhost:5555/assets/team/rn-lead.jpg:0
[ 1093020ms] [ERROR] Failed to load resource: the server responded with a status of 404 (File not found) @ http://localhost:5555/assets/team/founder.jpg:0
[ 1093021ms] [ERROR] Failed to load resource: the server responded with a status of 404 (File not found) @ http://localhost:5555/assets/team/director2.jpg:0
[ 1093044ms] [ERROR] Failed to load resource: the server responded with a status of 404 (File not found) @ http://localhost:5555/assets/team/rn-lead.jpg:0
[ 1170411ms] [ERROR] Failed to load resource: the server responded with a status of 404 (File not found) @ http://localhost:5555/assets/team/director2.jpg:0
[ 1170412ms] [ERROR] Failed to load resource: the server responded with a status of 404 (File not found) @ http://localhost:5555/assets/team/founder.jpg:0
[ 1170429ms] [ERROR] Failed to load resource: the server responded with a status of 404 (File not found) @ http://localhost:5555/assets/team/rn-lead.jpg:0
[ 1322508ms] [ERROR] Failed to load resource: the server responded with a status of 404 (File not found) @ http://localhost:5555/assets/team/founder.jpg:0
[ 1322508ms] [ERROR] Failed to load resource: the server responded with a status of 404 (File not found) @ http://localhost:5555/assets/team/director2.jpg:0
[ 1322552ms] [ERROR] Failed to load resource: the server responded with a status of 404 (File not found) @ http://localhost:5555/assets/team/rn-lead.jpg:0
[ 1657412ms] [ERROR] Failed to load resource: the server responded with a status of 404 (File not found) @ http://localhost:5555/assets/team/founder.jpg:0
[ 1657412ms] [ERROR] Failed to load resource: the server responded with a status of 404 (File not found) @ http://localhost:5555/assets/team/director2.jpg:0
[ 1657441ms] [ERROR] Failed to load resource: the server responded with a status of 404 (File not found) @ http://localhost:5555/assets/team/rn-lead.jpg:0
[ 1681983ms] [WARNING] Blocked aria-hidden on an element because its descendant retained focus. The focus must not be hidden from assistive technology users. Avoid using aria-hidden on a focused element or its ancestor. Consider using the inert attribute instead, which will also prevent focus. For more details, see the aria-hidden section of the WAI-ARIA specification at https://w3c.github.io/aria/#aria-hidden.
Element with focus: <a.mobile-link py-3 border-b border-[#0F4C5C]/10 flex justify-between items-center group>
Ancestor with aria-hidden: <div.fixed inset-0 md:hidden#mobile-menu> @ http://localhost:5555/gallery.html:0
[ 1682069ms] [ERROR] Failed to load resource: the server responded with a status of 404 (File not found) @ http://localhost:5555/assets/hero-home.jpg:0
[ 2460242ms] [ERROR] Failed to load resource: the server responded with a status of 404 (File not found) @ http://localhost:5555/assets/team/founder.jpg:0
[ 2460243ms] [ERROR] Failed to load resource: the server responded with a status of 404 (File not found) @ http://localhost:5555/assets/team/director2.jpg:0
[ 2460243ms] [ERROR] Failed to load resource: the server responded with a status of 404 (File not found) @ http://localhost:5555/assets/team/rn-lead.jpg:0
[ 2846750ms] [ERROR] Failed to load resource: the server responded with a status of 404 (File not found) @ http://localhost:5555/assets/team/rn-lead.jpg:0
[ 2849168ms] [ERROR] Failed to load resource: the server responded with a status of 404 (File not found) @ http://localhost:5555/assets/team/rn-lead.jpg:0
[ 3234191ms] [ERROR] Failed to load resource: the server responded with a status of 404 (File not found) @ http://localhost:5555/assets/hero-home.jpg:0
[ 3237904ms] [ERROR] Failed to load resource: the server responded with a status of 404 (File not found) @ http://localhost:5555/assets/team/director2.jpg:0
[ 3237905ms] [ERROR] Failed to load resource: the server responded with a status of 404 (File not found) @ http://localhost:5555/assets/team/founder.jpg:0
[ 3237946ms] [ERROR] Failed to load resource: the server responded with a status of 404 (File not found) @ http://localhost:5555/assets/team/rn-lead.jpg:0
[ 3240148ms] [ERROR] Failed to load resource: the server responded with a status of 404 (File not found) @ http://localhost:5555/assets/hero-home.jpg:0
[ 3246185ms] [ERROR] Failed to load resource: the server responded with a status of 404 (File not found) @ http://localhost:5555/assets/team/founder.jpg:0
[ 3246216ms] [ERROR] Failed to load resource: the server responded with a status of 404 (File not found) @ http://localhost:5555/assets/team/director2.jpg:0
[ 3246217ms] [ERROR] Failed to load resource: the server responded with a status of 404 (File not found) @ http://localhost:5555/assets/team/rn-lead.jpg:0
[ 3281886ms] [ERROR] Failed to load resource: the server responded with a status of 404 (File not found) @ http://localhost:5555/assets/hero-home.jpg:0
[ 4003696ms] [ERROR] Failed to load resource: the server responded with a status of 404 (File not found) @ http://localhost:5555/assets/team/founder.jpg:0
[ 4003697ms] [ERROR] Failed to load resource: the server responded with a status of 404 (File not found) @ http://localhost:5555/assets/team/director2.jpg:0
[ 4003722ms] [ERROR] Failed to load resource: the server responded with a status of 404 (File not found) @ http://localhost:5555/assets/team/rn-lead.jpg:0
[ 6071587ms] [ERROR] Failed to load resource: the server responded with a status of 404 (File not found) @ http://localhost:5555/assets/team/founder.jpg:0
[ 6071588ms] [ERROR] Failed to load resource: the server responded with a status of 404 (File not found) @ http://localhost:5555/assets/team/director2.jpg:0
[ 6071607ms] [ERROR] Failed to load resource: the server responded with a status of 404 (File not found) @ http://localhost:5555/assets/team/rn-lead.jpg:0
[ 6097277ms] [ERROR] Failed to load resource: the server responded with a status of 404 (File not found) @ http://localhost:5555/assets/team/founder.jpg:0
[ 6097278ms] [ERROR] Failed to load resource: the server responded with a status of 404 (File not found) @ http://localhost:5555/assets/team/director2.jpg:0
[ 6097299ms] [ERROR] Failed to load resource: the server responded with a status of 404 (File not found) @ http://localhost:5555/assets/team/rn-lead.jpg:0
